// Jest Snapshot v1, https://goo.gl/fbAQLP

exports[`Atheletes page renders athelete page on listing tab 1`] = `
<div
  className="MuiContainer-root MuiContainer-maxWidthLg"
>
  <div
    className="MuiPaper-root MuiPaper-elevation1 MuiPaper-rounded"
    hidden={false}
    role="tabpanel"
  >
    <h2
      className="MuiTypography-root makeStyles-title-2 MuiTypography-h4"
    >
      Athelete list
    </h2>
  </div>
  <div
    className="MuiPaper-root MuiPaper-elevation1 MuiPaper-rounded"
    hidden={true}
    role="tabpanel"
  />
</div>
`;

exports[`Atheletes page renders athelete page on manage tab 1`] = `
<div
  className="MuiContainer-root MuiContainer-maxWidthLg"
>
  <div
    className="MuiPaper-root MuiPaper-elevation1 MuiPaper-rounded"
    hidden={false}
    role="tabpanel"
  >
    <h2
      className="MuiTypography-root makeStyles-title-2 MuiTypography-h4"
    >
      Athelete list
    </h2>
  </div>
  <div
    className="MuiPaper-root MuiPaper-elevation1 MuiPaper-rounded"
    hidden={true}
    role="tabpanel"
  />
</div>
`;
